0001 Fry's Electronics
0053 Planex
0079 DragonRise Inc.
0105 Trust International B.V.
0145 Unknown
0204 Chipsbank Microelectronics Co., Ltd
0218 Hangzhou Worlde
02ad HUMAX Co., Ltd.
0324 OCZ Technology Inc
0325 OCZ Technology Inc
0386 LTS
03da Bernd Walter Computer Technology
03e8 EndPoints, Inc.
03eb Atmel Corp.
03ee Mitsumi
03f0 Hewlett-Packard
03f3 Adaptec, Inc.
03f9 KeyTronic Corp.
0400 National Semiconductor Corp.
0402 ALi Corp.
0403 Future Technology Devices International, Ltd
0404 NCR Corp.
0408 Quanta Computer, Inc.
0409 NEC Corp.
040a Kodak Co.
040b Weltrend Semiconductor
040d VIA Technologies, Inc.
0411 BUFFALO INC. (formerly MelCo., Inc.)
0413 Leadtek Research, Inc.
0416 Winbond Electronics Corp.
0419 Samsung Info. Systems America, Inc.
041e Creative Technology, Ltd
0420 Chips and Technologies
0421 Nokia Mobile Phones
0423 Computer Access Technology Corp.
0424 Standard Microsystems Corp.
0425 Motorola Semiconductors HK, Ltd
0426 Integrated Device Technology, Inc.
0428 Advanced Gravis Computer Tech, Ltd
042b Intel Corp.
042e Acer, Inc.
0430 Sun Microsystems, Inc.
0431 Itac Systems, Inc.
0433 Alps Electric, Inc.
0436 Taugagreining HF
043d Lexmark International, Inc.
043e LG Electronics USA, Inc.
0441 Winbond Systems Lab.
0442 Ericsson, Inc.
0443 Gateway, Inc.
0446 NMB Technologies Corp.
044e Alps Electric Co., Ltd
044f ThrustMaster, Inc.
0451 Texas Instruments, Inc.
0452 Mitsubishi Electronics America, Inc.
0453 CMD Technology
0456 Analog Devices, Inc.
0457 Silicon Integrated Systems Corp.
0458 KYE Systems Corp. (Mouse Systems)
045a SONICblue, Inc.
045b Hitachi, Ltd
045e Microsoft Corp.
0460 Ace Cad Enterprise Co., Ltd
0461 Primax Electronics, Ltd
0463 MGE UPS Systems
046a Cherry GmbH
046b American Megatrends, Inc.
046d Logitech, Inc.
046e Behavior Tech. Computer Corp.
0471 Philips (or NXP)
0472 Chicony Electronics Co., Ltd
0474 Sanyo Electric Co., Ltd
0475 Relisys/Teco Information System
0478 Connectix Corp.
047a Semtech Corp.
047b Silitek Corp.
047d Kensington
047e Agere Systems, Inc. (Lucent)
047f Plantronics, Inc.
0480 Toshiba America Info. Systems, Inc.
0482 Kyocera Corp.
0483 SGS Thomson Microelectronics
0486 ASUS Computers, Inc.
0489 Foxconn / Hon Hai
048d Integrated Technology Express, Inc.
0491 Capetronic
0492 Samsung SemiConductor, Inc.
0497 Smile International
0499 Yamaha Corp.
049c Acer Advanced Labs, Inc.
049f Compaq Computer Corp.
04a1 SystemSoft Corp.
04a4 Hitachi, Ltd
04a5 Acer Peripherals Inc. (now BenQ Corp.)
04a6 Nokia Display Products
04a7 Visioneer
04a8 Multivideo Labs, Inc.
04a9 Canon, Inc.
04ad Dooin Electronics
04b0 Nikon Corp.
04b3 IBM Corp.
04b4 Cypress Semiconductor Corp.
04b5 ROHM LSI Systems USA, LLC
04b8 Seiko Epson Corp.
04b9 Rainbow Technologies, Inc.
04bb I-O Data Device, Inc.
04bf TDK Corp.
04c1 U.S. Robotics (3Com)
04c3 Maxi Switch, Inc.
04c5 Fujitsu, Ltd
04c8 Konica Corp.
04ca Lite-On Technology Corp.
04cb Fuji Photo Film Co., Ltd
04cc ST-Ericsson
04ce ScanLogic Corp.
04cf Myson Century, Inc.
04d2 Altec Lansing Technologies
04d7 Oki Semiconductor
04d8 Microchip Technology, Inc.
04d9 Holtek Semiconductor, Inc.
04da Panasonic (Matsushita)
04db Hypertec Pty, Ltd
04dd Sharp Corp.
04e1 Iiyama North America, Inc.
04e6 SCM Microsystems, Inc.
04e7 Elo TouchSystems
04e8 Samsung Electronics Co., Ltd
04eb Northstar Systems, Inc.
04f1 Victor Company of Japan, Ltd
04f2 Chicony Electronics Co., Ltd
04f3 Elan Microelectronics Corp.
04f9 Brother Industries, Ltd
04fa Dallas Semiconductor
04fc Sunplus Technology Co., Ltd
04fd Soliton Systems, K.K.
0500 Siam United Hi-Tech
0502 Acer, Inc.
0506 3Com Corp.
0507 Hosiden Corp.
0509 Aztech Systems, Ltd
050d Belkin Components
050f KC Technology, Inc.
0510 Sejin Electron, Inc.
0511 N'Able (DataBook) Technologies, Inc.
0518 EzKEY Corp.
0519 Star Micronics Co., Ltd
051a WYSE Technology
051c Shuttle, Inc.
051d American Power Conversion
0525 Netchip Technology, Inc.
0528 ATI Technologies, Inc.
0529 Aladdin Knowledge Systems
052b Tekom Technologies, Inc.
0536 Hand Held Products (Welch Allyn, Inc.)
053a PrehKeyTec GmbH
0540 UniAccess AB
0543 ViewSonic Corp.
0545 Xirlink, Inc.
0546 Polaroid Corp.
0547 Anchor Chips, Inc.
0548 Tyan Computer Corp.
054c Sony Corp.
0550 Fuji Xerox Co., Ltd
0553 STMicroelectronics Imaging Division (VLSI Vision)
0556 Asahi Kasei Microsystems Co., Ltd
0557 ATEN International Co., Ltd
0558 Truevision, Inc.
055d Samsung Electro-Mechanics Co.
055f Mustek Systems, Inc.
0562 Telex Communications, Inc.
0565 Peracom Networks, Inc.
0566 Monterey International Corp.
056a Wacom Co., Ltd
056c eTEK Labs
056d EIZO Corp.
056e Elecom Co., Ltd
056f Korea Data Systems Co., Ltd
0571 Interex, Inc.
0572 Conexant Systems (Rockwell), Inc.
0573 Zoran Co. Personal Media Division (Nogatech)
057b Y-E Data, Inc.
057c AVM GmbH
057e Nintendo Co., Ltd
057f QuickShot, Ltd
0582 Roland Corp.
0583 Padix Co., Ltd (Rockfire)
0584 RATOC System, Inc.
0585 FlashPoint Technology, Inc.
0586 ZyXEL Communications Corp.
058b Infineon Technologies
058c In Focus Systems
058f Alcor Micro Corp.
0590 Omron Corp.
0592 Powerware Corp.
0595 Zoran Microelectronics, Ltd
0596 MicroTouch Systems, Inc.
059b Iomega Corp.
059f LaCie, Ltd
05a3 ARC International
05a4 Ortek Technology, Inc.
05a6 Cisco Systems, Inc.
05a9 OmniVision Technologies, Inc.
05ab In-System Design
05ac Apple, Inc.
05af Jing-Mold Enterprise Co., Ltd
05b1 First International Computer, Inc.
05b4 LG Semicon Co., Ltd
05b8 Agiler, Inc.
05ba DigitalPersona, Inc.
05bc 3G Green Green Globe Co., Ltd
05c5 Digi International, Inc.
05c6 Qualcomm, Inc.
05c7 Qtronix Corp.
05c8 Cheng Uei Precision Industry Co., Ltd (Foxlink)
05ca Ricoh Co., Ltd
05cb PowerVision Technologies, Inc.
05cc ELSA AG
05d1 Brainboxes, Ltd
05d7 Thomas & Betts Corp.
05d8 Ultima Electronics Corp.
05d9 Axiohm Transaction Solutions
05da Microtek International, Inc.
05db Sun Corp. (Suntac?)
05dc Lexar Media, Inc.
05dd Delta Electronics, Inc.
05e0 Symbol Technologies
05e1 Syntek Semiconductor Co., Ltd
05e3 Genesys Logic, Inc.
05e9 Kawasaki LSI
05ef AVB, Inc. [anko?]
05f0 Canopus Co., Ltd
05f2 Dexin Corp., Ltd
05f3 PI Engineering, Inc.
05f9 PSC Scanning, Inc.
05fa Siemens Telecommunications Systems, Ltd
05fc Harman Multimedia
05fd InterAct, Inc.
05fe Chic Technology Corp.
0601 Jazz Hipster Corp.
0602 Vista Imaging, Inc.
0603 Novatek Microelectronics Corp.
0609 SMK Manufacturing, Inc.
060b Solid Year
0618 MacAlly
0619 Seiko Instruments, Inc.
061a Veridicom International, Inc.
061d Quatech, Inc.
061e Nissei Electric Co.
0620 Alaris, Inc.
0624 Avocent Corp.
062a Creative Labs
0634 Micron Technology, Inc.
0636 Sierra Imaging, Inc.
0638 Avision, Inc.
0640 Hitex Development Tools
0644 TEAC Corp.
0647 Acton Research Corp.
064b Analog Devices, Inc. (White Mountain DSP)
064e Suyin Corp.
064f WIBU-Systems AG
0654 Granite Microsystems, Inc.
065a Optoelectronics Co., Ltd
0663 Topmax Electronic Co., Ltd
0664 ET&T Technology Co., Ltd.
0665 Cypress Semiconductor
0667 Aiwa Co., Ltd
066b Linksys, Inc.
066f SigmaTel, Inc.
0670 Sequel Imaging
0672 Labtec, Inc.
0673 HCL
0675 DrayTek Corp.
0677 Aiwa Co., Ltd
067b Prolific Technology, Inc.
067c Efficient Networks, Inc.
067e Intermec Technologies Corp.
067f Virata, Ltd
0680 Realtek Semiconductor Corp., CPP Div. (Avance Logic)
0681 Siemens Information and Communication Products
0685 ZD Incorporated
0686 Minolta Co., Ltd
068e CH Products, Inc.
0693 Hagiwara Sys-Com Co., Ltd
0694 Lego Group
0698 Chuntex (CTX)
069a Askey Computer Corp.
069b Thomson, Inc.
069d Hughes Network Systems (HNS)
069e Welcat Inc.
069f Allied Data Technologies BV
06a2 Topro Technology, Inc.
06a3 Saitek PLC
06a5 Divio
06a8 Topaz Systems, Inc.
06a9 Westell
06b9 Alcatel Telecom
06bc Oki Data Corp.
06bd AGFA-Gevaert NV
06be AME Optimedia Technology Co., Ltd
06c2 Phidgets Inc. (formerly GLAB)
06c9 Taxan (Europe), Ltd
06cb Synaptics, Inc.
06cc Terayon Communication Systems
06cd Keyspan
06ce Contec
06cf SpheronVR AG
06d0 LapLink, Inc.
06d3 Mitsubishi Electric Corp.
06d5 Toshiba
06d6 Aashima Technology B.V.
06da Phoenixtec Power Co., Ltd
06dc Foxlink Image Technology Co., Ltd
06e0 Multi-Tech Systems, Inc.
06e1 ADS Technologies, Inc.
06e6 Tiger Jet Network, Inc.
06ea Sirius Technologies
06f0 T.N.C Industrial Co., Ltd
06f1 Opcode Systems, Inc.
06f2 Emine Technology Co.
06f7 Wailly Technology Ltd
06f8 Guillemot Corp.
06fd Boston Acoustics
0707 Standard Microsystems Corp.
0708 Putercom Co., Ltd
070a Oki Electric Industry Co., Ltd
0710 Connect Tech, Inc.
0711 Magic Control Technology Corp.
0714 NewMotion, Inc.
0718 Imation Corp.
071b Domain Technologies, Inc.
071d Eicon Networks Corp.
0723 Centillium Communications Corp.
0729 Amitm
072f Advanced Card Systems, Ltd
0731 Susteen, Inc.
0733 ViewQuest Technologies, Inc.
0734 Lasat Communications A/S
0735 Asuscom Network
0738 Mad Catz, Inc.
073a Chaplet Systems, Inc.
073c Industrial Electronic Engineers, Inc.
073d Eutron S.p.a.
073e NEC, Inc.
0746 Onkyo Corp.
074d Micronas GmbH
074e Digital Stream Corp.
075b Sophisticated Circuits, Inc.
0763 Midiman
0764 Cyber Power System, Inc.
0765 X-Rite, Inc.
0766 Jess-Link Products Co., Ltd
0768 Camtel Technology Corp.
0769 Surecom Technology Corp.
076b OmniKey AG
0771 Observator Instruments BV
077b Linksys
077c Forward Electronics Co., Ltd
077d Griffin Technology
0780 Sagem Monetel GmbH
0781 SanDisk Corp.
0783 C3PO
0784 Vivitar, Inc.
0785 NTT-ME
0789 Logitec Corp.
078b Happ Controls, Inc.
078c GTCO/CalComp
0797 Grandtech Semiconductor Corp.
0798 Optelec
0799 Altera
079b Sagem
079d Alfadata Computer Corp.
07a1 Digicom S.p.A.
07a6 ADMtek, Inc.
07aa Corega K.K.
07ab Freecom Technologies
07af Microtech
07b0 Trust Technologies
07b2 Motorola BCS, Inc.
07b3 Plustek, Inc.
07b4 Olympus Optical Co., Ltd
07b5 Mega World International, Ltd
07b8 AboCom Systems Inc
07c0 Code Mercenaries Hard- und Software GmbH
07c1 Keisokugiken
07c4 Datafab Systems, Inc.
07c6 ShareWave, Inc.
07c8 B.U.G., Inc.
07c9 Allied Telesyn International
07ca AVerMedia Technologies, Inc.
07cc Carry Computer Eng., Co., Ltd
07cd Elektor
07cf Casio Computer Co., Ltd
07d0 Dazzle
07d1 D-Link System
07de Diamond Multimedia
07e1 Ambient Technologies, Inc.
07e4 Movado Enterprise Co., Ltd
07e5 QPS, Inc.
07ee Torex Retail (formerly Logware)
07ef STSN
07f2 Microcomputer Applications, Inc.
07f7 Century Corp.
07fa DrayTek Corp.
07fd Mark of the Unicorn
07ff Unknown
0801 MagTek
0803 Zoom Telephonics, Inc.
080b Cross Match Technologies
080c Datalogic S.p.A.
080d Teco Image Systems Co., Ltd
0810 Personal Communication Systems, Inc.
0813 Mattel, Inc.
0819 eLicenser
081a MG Logic
081b Indigita Corp.
081e AlphaSmart, Inc.
0822 Reudo Corp.
082d Handspring
0830 Palm, Inc.
0832 Kouwell Electronics Corp.
0833 Sourcenext Corp.
0836 TrekStor
0839 Samsung Techwin Co., Ltd
083a Accton Technology Corp.
083f Global Village
0840 Argosy Research, Inc.
0841 Rioport.com, Inc.
0846 NetGear, Inc.
084d Minton Optic Industry Co., Inc.
084e KB Gear
084f Empeg
0851 Macronix International Co., Ltd
0853 Topre Corporation
0854 ActiveWire, Inc.
0856 B&B Electronics
0858 Hitachi Maxell, Ltd
085a Xircom
085c ColorVision, Inc.
0864 NetGear, Inc.
0867 Data Translation, Inc.
086a Emagic Soft- und Hardware GmbH
086c DeTeWe - Deutsche Telephonwerke AG & Co.
086e System TALKS, Inc.
0870 Metricom
0871 SanDisk, Inc.
087d Jaton Corp.
0886 XAC Automation Corp.
088b MassWorks, Inc.
088c Swecoin AB
088e iLok
0892 DioGraphy, Inc.
0897 Lauterbach
08a9 CWAV Inc.
08b7 NATSU
08b8 J. Gordon Electronic Design, Inc.
08bb Texas Instruments Japan
08bd Citizen Watch Co., Ltd
08c3 Precise Biometrics
08c4 Proxim, Inc.
08ca Aiptek International, Inc.
08d1 smartBridges, Inc.
08d4 Fujitsu Siemens Computers
08d8 IXXAT Automation GmbH
08dd Billionton Systems, Inc.
08de ???
08df Spyrus, Inc.
08e3 Olitec, Inc.
08e6 Gemplus
08e9 Extended Systems, Inc.
08ea Ericsson, Inc., Blue Ridge Labs
08ec M-Systems Flash Disk Pioneers
08ed MediaTek Inc.
08f2 Gotop Information Inc.
08f7 Vernier
08fd Digianswer A/S
08ff AuthenTec, Inc.
0901 VST Technologies
0908 ShenZhen SANZHAI Technology Co.,Ltd
090a Trumpion Microelectronics, Inc.
090c Silicon Motion, Inc. - Taiwan (formerly Feiya Technology Corp.)
0911 Philips Speech Processing
0915 GlobeSpan, Inc.
0917 SmartDisk Corp.
0919 Tiger Electronics
091e Garmin International
0920 Echelon Co.
0921 GoHubs, Inc.
0922 Dymo-CoStar Corp.
0923 IC Media Corp.
0924 Xerox
0925 Lakeview Research
0928 PLX Technology, Inc. (formerly Oxford Semiconductor, Ltd)
092f Northern Embedded Science/CAVNEX
0930 Toshiba Corp.
0932 Crescentec Corp.
0936 NuTesla
0939 Lumberg, Inc.
093a Pixart Imaging, Inc.
093b Plextor Corp.
093c Intrepid Control Systems, Inc.
0944 KORG, Inc.
0948 Kronauer music in digital
094b Linkup Systems Corp.
094f Yano
0951 Kingston Technology
0955 NVidia Corp.
0957 Agilent Technologies, Inc.
0959 Cologne Chip AG
095a Portsmith
095d Polycom, Inc.
0967 Acer (??)
096e Feitian Technologies, Inc.
0971 Gretag-Macbeth AG
0973 Schlumberger
0979 Jeilin Technology Corp., Ltd
097a Minds At Work LLC
097e Biopac Systems Inc.
0984 Apricorn
0985 cab Produkttechnik GmbH & Co KG
0993 Gemstar eBook Group, Ltd
099a Zippy Technology Corp.
09a6 Poinchips
09aa Intersil Corp.
09b2 Franklin Electronic Publishers, Inc.
09bc Grundig
09be MySmart.Com
09bf Auerswald GmbH & Co. KG
09c0 Genpix Electronics, LLC
09c1 Arris Interactive LLC
09c3 ActivCard, Inc.
09c4 ACTiSYS Corp.
09cc Workbit Corp.
09cd Psion Dacom Home Networks, Ltd
09d3 Com One
09d7 Novatel Wireless
09da A4 Tech Co., Ltd
09db Measurement Computing Corp.
09e1 Intellon Corp.
09e8 AKAI  Professional M.I. Corp.
09eb IM Networks, Inc.
09ef Xitel
09f3 GoFlight, Inc.
09f5 AresCom
09fb Altera
0a07 Ontrak Control Systems Inc.
0a12 Cambridge Silicon Radio, Ltd
0a16 Trek Technology (S) PTE, Ltd
0a17 Pentax Corp.
0a21 Medtronic Physio Control Corp.
0a27 Datacard Group
0a2c AK-Modul-Bus Computer GmbH
0a34 TG3 Electronics, Inc.
0a35 Radikal Technologies
0a3a PentaMedia Co., Ltd
0a46 Davicom Semiconductor, Inc.
0a48 I/O Interconnect
0a4c Computex Co., Ltd
0a4d Evolution Electronics, Ltd
0a53 Portable Peripheral Co., Ltd
0a5c Broadcom Corp.
0a5f Zebra
0a62 MPMan
0a6b Green House Co., Ltd
0a6f Core Technology, Inc.
0a71 VIPColor Technologies USA, Inc.
0a73 Mackie Designs
0a81 Chesen Electronics Corp.
0a82 Syscan
0a8e Japan Aviation Electronics Industry, Ltd
0a91 Globlink Technology, Inc.
0a92 EGO SYStems, Inc.
0a93 C Technologies AB
0aa5 First International Digital
0aa6 Perception Digital, Ltd
0aa7 Wincor Nixdorf International GmbH
0aa8 TriGem Computer, Inc.
0aa9 Baromtec Co.
0aad Rohde & Schwarz GmbH & Co. KG
0ab1 FEIG ELECTRONIC GmbH
0aba Ellisys
0abe Stereo-Link
0abf Diolan
0ac8 Z-Star Microelectronics Corp.
0ac9 Micro Solutions, Inc.
0aca OPEN Networks Ltd
0acd ID Tech
0ace ZyDAS
0ada Data Encryption Systems Ltd.
0aec Neodio Technologies Corp.
0af0 Option
0af7 B2C2, Inc.
0af9 Hama, Inc.
0b05 ASUSTek Computer, Inc.
0b0b Datamax-O'Neil
0b0c Todos AB
0b0d ProjectLab
0b0e GN Netcom
0b1e Electronic Warfare Assoc., Inc. (EWA)
0b30 PNY Technologies, Inc.
0b33 Contour Design, Inc.
0b38 Gear Head
0b39 Omnidirectional Control Technology, Inc.
0b3b Tekram Technology Co., Ltd
0b3c Olivetti Techcenter
0b41 Hal Corp.
0b43 Play.com, Inc.
0b48 TechnoTrend AG
0b49 ASCII Corp.
0b4b Pine Corp. Ltd.
0b4d Graphtec America, Inc.
0b4e Musical Electronics, Ltd
0b51 Comfort Keyboard Co.
0b62 Orange Micro, Inc.
0b70 PortalPlayer, Inc.
0b7a Zeevo, Inc.
0b81 id3 Semiconductors
0b86 Exputer Systems, Inc.
0b8c SMART Technologies Inc.
0b95 ASIX Electronics Corp.
0b97 O2 Micro, Inc.
0b9b Dipl.-Ing. Stefan Kunde
0baf U.S. Robotics
0bb0 Concord Camera Corp.
0bb2 Ambit Microsystems Corp.
0bb4 HTC (High Tech Computer Corp.)
0bc2 Seagate RSS LLC
0bc3 IPWireless, Inc.
0bc7 X10 Wireless Technology, Inc.
0bd7 Andrew Pargeter & Associates
0bda Realtek Semiconductor Corp.
0bdb Ericsson Business Mobile Networks BV
0bed Silicon Labs
0bf1 Intracom S.A.
0bf6 Addonics Technologies, Inc.
0bf8 Fujitsu Siemens Computers
0bfd Kvaser AB
0c08 Agate
0c09 Comjet Information System
0c0b Dura Micro, Inc. (Acomdata)
0c12 Zeroplus
0c16 Gyration, Inc.
0c24 Taiyo Yuden
0c25 Sampo Corp.
0c26 Prolific Technology Inc.
0c27 RFIDeas, Inc
0c2e Metrologic Instruments
0c44 Motorola iDEN
0c45 Microdia
0c4a ALGE-TIMING GmbH
0c4b Reiner SCT Kartensysteme GmbH
0c4c Needham's Electronics
0c52 Sealevel Systems, Inc.
0c55 Spectrum Digital, Inc.
0c6a ACS
0c6c JETI Technische Instrumente GmbH
0c70 MCT Elektronikladen
0c72 PEAK System
0c74 Optronic Laboratories Inc.
0c76 JMTek, LLC.
0c77 Sipix Group, Ltd
0c88 Kyocera Wireless Corp.
0c8e Cesscom Co., Ltd
0c94 Cryptera
0c98 Berkshire Products, Inc.
0c9d SemTek
0ca6 Castles Technology Co., Ltd
0cad Motorola CGISS
0caf Buslink
0cbc Palmax Technology Co., Ltd
0ccd TerraTec Electronic GmbH
0cd4 Bang Olufsen
0cd5 LabJack Corporation
0cd8 JS Digitech, Inc.
0cde Z-Com
0ce5 Validation Technologies International
0ce9 pico Technology
0cf2 ENE Technology, Inc.
0cf3 Atheros Communications, Inc.
0cf8 Clarisys, Inc.
0cfc Minolta-QMS, Inc.
0cff SAFA MEDIA Co., Ltd.
0d08 UTStarcom
0d10 Elastic Networks
0d16 Hi-Touch Imaging Technologies Co., Ltd
0d28 NXP
0d3d Tangtop Technology Co., Ltd
0d46 Kobil Systems GmbH
0d48 Promethean Limited
0d49 Maxtor
0d4e Agere Systems Netherland BV
0d50 Cleware GmbH
0d5c SMC Networks, Inc.
0d5e Myacom, Ltd
0d62 Darfon Electronics Corp.
0d64 DXG Technology Corp.
0d7d Phison Electronics Corp.
0d7e American Computer & Digital Components
0d7f Essential Reality LLC
0d8a King Jim Co., Ltd
0d8c C-Media Electronics, Inc.
0d8d Promotion & Display Technology, Ltd
0d8e Global Sun Technology, Inc.
0d96 Skanhex Technology, Inc.
0d97 Santa Barbara Instrument Group
0d98 Mars Semiconductor Corp.
0d9a RTX Telecom AS
0d9e Avaya
0d9f Powercom Co., Ltd
0da4 Polar Electro OY
0da8 softDSP Co., Ltd
0dab Cubig Group
0db0 Micro Star International
0db7 ELCON Systemtechnik
0dbc A&D Medical
0dbf Jess-Link International
0dc3 Athena Smartcard Solutions, Inc.
0dc4 Macpower Peripherals, Ltd
0dc6 Precision Squared Technology Corp.
0dcd NetworkFab Corp.
0dd0 Access Solutions
0dd2 Power Quotient International Co., Ltd
0dd8 Netac Technology Co., Ltd
0dda Integrated Circuit Solution, Inc.
0de7 USBmicro
0dee Lifetime Memory Products
0df4 NET&SYS
0df6 Sitecom Europe B.V.
0df7 Mobile Action Technology, Inc.
0dfc GeneralTouch Technology Co., Ltd
0e0b Amigo Technology Inc.
0e0c Gesytec
0e0f VMware, Inc.
0e20 Pegasus Technologies Ltd.
0e21 Cowon Systems, Inc.
0e36 TiePie engineering
0e39 Smart Modular Technologies, Inc.
0e3a Neostar Technology Co., Ltd
0e41 Line6, Inc.
0e48 Julia Corp., Ltd
0e4c Radica Games, Ltd
0e50 TechnoData Interware
0e55 Speed Dragon Multimedia, Ltd
0e56 Kingston Technology Company, Inc.
0e5c Bitland Information Technology Co., Ltd
0e5e Conwise Technology Co., Ltd.
0e66 Hawking Technologies
0e67 Fossil, Inc.
0e6a Megawin Technology Co., Ltd
0e6f Logic3
0e79 Archos, Inc.
0e7e Gmate, Inc.
0e8d MediaTek Inc.
0e8f GreenAsia Inc.
0e90 WiebeTech, LLC
0e96 Aplux Communications, Ltd
0e97 Fingerworks, Inc.
0e9c Streamzap, Inc.
0ea0 Ours Technology, Inc.
0eb0 NovaTech
0eb1 WIS Technologies, Inc.
0ec7 Theta Link Corp.
0ecd Lite-On IT Corp.
0ed1 WinMaxGroup
0ed5 Fiberbyte
0edf e-MDT Co., Ltd
0ee3 ComTrue Technology Corp.
0eee Digital Stream Technology, Inc.
0eef D-WAV Scientific Co., Ltd
0ef5 PointChips
0f03 Unitek UPS Systems
0f0d Hori Co., Ltd
0f11 LD Didactic GmbH
0f18 Finger Lakes Instrumentation
0f30 Jess Technology Co., Ltd
0f3d Airprime, Incorporated
0f44 Polhemus
0f4d Microtune, Inc.
0f5d NewAge International, LLC
0f62 Acrox Technologies Co., Ltd
0f63 LeapFrog Enterprises
0f6e INTELLIGENT SYSTEMS
0f88 VTech Holdings, Ltd
0f9c Hyun Won, Inc.
0fb6 Heber Ltd
0fb8 Wistron Corp.
0fc5 Delcom Engineering
0fca Research In Motion, Ltd.
0fce Sony Ericsson Mobile Communications AB
0fcf Dynastream Innovations, Inc.
0fd9 Elgato Systems GmbH
0fe0 Osterhout Design Group
0fe6 Kontron (Industrial Computer Source / ICS Advent)
0fe9 DVICO
0ffc Clavia DMI AB
1003 Sigma Corp.
1004 LG Electronics, Inc.
1005 Apacer Technology, Inc.
1006 iRiver, Ltd.
1009 Emuzed, Inc.
100a AV Chaseway, Ltd
100d Netopia, Inc.
1011 Mobile Media Tech.
1019 Elitegroup Computer Systems (ECS)
1020 Labtec
1025 Hyper-Paltek
102c Etoms Electronics Corp.
1033 Nucam Corp.
1038 Ideazon, Inc.
1039 devolo AG
103d Stanton
1043 iCreate Technologies Corp.
1044 Chu Yuen Enterprise Co., Ltd
1046 Winbond Electronics Corp. [hex]
104d Newport Corporation
104f WB Electronics
1050 Yubico.com
1054 BMS International Beheer N.V.
1058 Western Digital Technologies, Inc.
1059 Giesecke & Devrient GmbH
1063 Motorola Electronics Taiwan, Ltd [hex]
1065 CCYU Technology
106c Curitel Communications, Inc.
106f Money Controls
1076 GCT Semiconductor, Inc.
107b Gateway, Inc.
1083 Canon Electronics, Inc.
109f eSOL Co., Ltd
10a9 SK Teletech Co., Ltd
10ab USI Co., Ltd
10af Liebert Corp.
10b5 Comodo (PLX?)
10b8 DiBcom
10bd TMT Technology, Inc.
10bf SmartHome
10c4 Cygnal Integrated Products, Inc.
10c5 Sanei Electric, Inc.
10cc GBM Connector Co., Ltd
10ce Silicon Labs
10cf Velleman Components, Inc.
10d1 Hottinger Baldwin Measurement
10d5 Uni Class Technology Co., Ltd
10d6 Actions Semiconductor Co., Ltd
10df In-Win Development, Inc.
10f0 Nexio Co., Ltd
10f1 Importek
10f5 Turtle Beach
10fd Anubis Electronics, Ltd
10fe Thrane & Thrane
1100 VirTouch, Ltd
1101 EasyPass Industrial Co., Ltd
110a Moxa Technologies Co., Ltd.
1110 Analog Devices Canada, Ltd (Allied Telesyn)
1111 Pandora International Ltd.
1113 Medion AG
112a RedRat
1130 Tenx Technology, Inc.
1131 Integrated System Solution Corp.
1132 Toshiba Corp., Digital Media Equipment [hex]
1136 CTS Electronincs
1145 Japan Radio Company
114b Sphairon Access Systems GmbH
1163 DeLorme Publishing, Inc.
1164 YUAN High-Tech Development Co., Ltd
116f Silicon 10 Technology Corp.
1183 Compaq Computer Corp. [hex] (Digital Dream ??)
1189 Acer Communications & Multimedia
1196 Yankee Robotics, LLC
1199 Sierra Wireless, Inc.
119b ruwido austria GmbH
11a0 Chipcon AS
11a3 Technovas Co., Ltd
11aa GlobalMedia Group, LLC
11c5 Inmax
11db Topfield Co., Ltd.
11f5 Siemens AG
11f6 Prolific
11f7 Alcatel (?)
1203 TSC Auto ID Technology Co., Ltd
1209 InterBiometrics
120f Magellan
1210 DigiTech
121e Jungsoft Co., Ltd
1233 Denver Electronics
1234 Brain Actuated Technologies
1235 Novation EMS
1241 Belkin
124a AirVast
124b Nyko (Honey Bee)
124c MXI - Memory Experts International, Inc.
125c Apogee Inc.
125f A-DATA Technology Co., Ltd.
1260 Standard Microsystems Corp.
1266 Pirelli Broadband Solutions
1267 Logic3 / SpectraVideo plc
126f TwinMOS
1275 Xaxero Marine Software Engineering, Ltd.
1278 Starlight Xpress
1283 zebris Medical GmbH
1286 Marvell Semiconductor, Inc.
1291 Qualcomm Flarion Technologies, Inc. / Leadtek Research, Inc.
1292 Innomedia
1293 Belkin Components [hex]
129b CyberTAN Technology
12ba Licensed by Sony Computer Entertainment America
12c4 Autocue Group Ltd
12d1 Huawei Technologies Co., Ltd.
12d6 EMS Dr. Thomas Wuensche
12e6 Waldorf Music GmbH
12ef Tapwave, Inc.
12f7 Memorex Products, Inc.
12fd AIN Comm. Technology Co., Ltd
12ff Fascinating Electronics, Inc.
1307 Transcend Information, Inc.
1308 Shuttle, Inc.
1310 Roper
131d Natural Point
132a Envara Inc.
132b Konica Minolta
1342 Mobility
1345 Sino Lite Technology Corp.
1347 Moravian Instruments
134c PanJit International Inc.
1357 P&E Microcomputer Systems
1366 SEGGER
1370 Swissbit
1371 CNet Technology Inc.
137b SCAPS GmbH
1385 Netgear, Inc
138a Validity Sensors, Inc.
138e Jungo LTD
1390 TOMTOM B.V.
1391 IdealTEK, Inc.
1395 Sennheiser Communications
1397 BEHRINGER International GmbH
1398 Q-tec
13ad Baltech
13b0 PerkinElmer Optoelectronics
13b1 Linksys
13b2 Alesis
13ba PCPlay
13cf Wisair Ltd.
13d0 Techsan Electronics Co., Ltd.
13d1 A-Max Technology Macao Commercial Offshore Co. Ltd.
13d2 Shark Multimedia
13d3 IMC Networks
13e5 Rane
13ea Hengstler
13ec Zydacron
13ee MosArt
13fd Initio Corporation
13fe Kingston Technology Company Inc.
1403 Sitronix
140e Telechips, Inc.
1410 Novatel Wireless
1415 Nam Tai E&E Products Ltd. or OmniVision Technologies, Inc.
142a Thales E-Transactions
142b Arbiter Systems, Inc.
1430 RedOctane
1435 Wistron NeWeb
1443 Digilent
1446 X.J.GROUP
1453 Radio Shack
1457 First International Computer, Inc.
145f Trust
1460 Tatung Co.
1462 Micro Star International
1472 Huawei-3Com
147a Formosa Industrial Computing, Inc.
147e Upek
1482 Vaillant
1484 Elsa AG [hex]
1485 Silicom
148f Ralink Technology, Corp.
1491 Futronic Technology Co. Ltd.
1498 Microtek International Inc.
149a Imagination Technologies
14aa WideView Technology Inc.
14b2 Ralink Technology, Corp.
14c2 Gemlight Computer, Ltd
14cd Super Top
14dd Raritan Computer, Inc.
14e1 Dialogue Technology Corp.
14ea Planex Communications
14ed Shure Inc.
14f7 TechniSat Digital GmbH
1509 First International Computer, Inc.
1513 medMobile
1514 Actel
1516 CompUSA
1518 Cheshire Engineering Corp.
1524 ENE Technology Inc
1527 Silicon Portals
1529 UBIQUAM Co., Ltd.
152d JMicron Technology Corp. / JMicron USA Technology Corp.
152e LG (HLDS)
1532 Razer USA, Ltd
1547 SG Intec Ltd & Co KG
154a Celectronic GmbH
154b PNY
154e D&M Holdings, Inc. (Denon/Marantz)
1554 Prolink Microsystems Corp.
1557 OQO
157e TRENDnet
1582 Fiberline
158e JDS Uniphase Corporation (JDSU)
15a2 Freescale Semiconductor, Inc.
15a4 Afatech Technologies, Inc.
15a9 Gemtek
15ba Olimex Ltd.
15c0 XL Imaging
15c2 SoundGraph Inc.
15c5 Advance Multimedia Internet Technology Inc. (AMIT)
15c6 Laboratoires MXM
15c8 KTF Technologies
15ca Textech International Ltd.
15d9 Trust International B.V.
15e1 RSA
15e4 Numark
15e8 SohoWare
15e9 Pacific Digital Corp.
15f4 HanfTek
1604 Tascam
1606 Umax
1608 Inside Out Networks [hex]
160a VIA Technologies, Inc.
160e INRO
1614 Amoi Electronics
1630 2Wire, Inc.
1631 Good Way Technology
1645 Cross Match Technologies GmbH
1649 SofTec Microsystems
164c Matrix Vision GmbH
1657 Struck Innovative Systeme GmbH
165b Frontier Design Group
165c Kondo Kagaku
1668 Actiontec Electronics, Inc. [hex]
1669 PiKRON Ltd. [hex]
1677 China Huada Integrated Circuit Design (Group) Co., Ltd. (CIDC Group)
1679 Total Phase
1680 Golden Bridge Electech Inc.
1681 Prevo Technologies, Inc.
1685 Delock
1686 ZOOM Corporation
1687 Kingmax Digital Inc.
1689 Razer USA, Ltd
168c Atheros Communications
1690 Askey Computer Corp. [hex]
16a6 Unigraf
16ab Global Sun Technology
16b4 iStation
16b5 Persentec, Inc.
16c0 Van Ooijen Technische Informatica
16ca Wireless Cables, Inc.
16d0 MCS
16d5 AnyDATA Corporation
16d6 JABLOCOM s.r.o.
16d8 CMOTECH Co., Ltd.
16dc Wiener, Plein & Baus
16f0 GN ReSound A/S
170b Swissonic
1726 Axesstel, Inc.
172f Waltop International Corp.
1733 Cellink Technology Co., Ltd
1737 Linksys
1740 Senao
174c ASMedia Technology Inc.
174f Syntek
1753 GERTEC Telecomunicacoes Ltda.
1761 ASUSTek Computer, Inc. (wrong ID)
1776 Arowana
177f Sweex
1781 Multiple Vendors
1784 TopSeed Technology Corp.
1799 Belkin Components
179d Ricavision International, Inc.
17a0 Samson Technologies Corp.
17a4 Concept2
17a8 Kamstrup A/S
17b3 Grey Innovation
17ba SAURIS GmbH
17cc Native Instruments
17e9 DisplayLink
17ef Lenovo
17f4 WaveSense
17f6 Unicomp, Inc
1809 Advantech
1822 Twinhan
183d VIVOphone
1852 GYROCOM C&C Co., LTD
185b Compro
1870 Nexio Co., Ltd
1871 Aveo Technology Corp.
1873 Navilock
187c Alienware Corporation
187f Siano Mobile Silicon
1894 Topseed
189f 3Shape A/S
18a4 CSSN
18a5 Verbatim, Ltd
18b1 Petalynx
18b4 e3C Technologies
18c5 AMIT Technology, Inc.
18cd Ecamm
18d1 Google Inc.
18d9 Kaba
18dd Planon System Solutions Inc.
18e3 Fitipower Integrated Technology Inc
18e8 Qcom
18ea Matrox Graphics, Inc.
18ec Arkmicro Technologies Inc.
1908 GEMBIRD
1915 Nordic Semiconductor ASA
1926 NextWindow
192f Avago Technologies, Pte.
1934 Feature Integration Technology Inc. (Fintek)
1941 Dream Link
1943 Sensoray Co., Inc.
1949 Lab126, Inc.
194f PreSonus Audio Electronics, Inc.
195d Itron Technology iONE
1976 Chipsbrand Microelectronics (HK) Co., Ltd.
1977 T-Logic
197d Leuze electronic
198f Beceem Communications Inc.
1995 Trillium Technology Pty. Ltd.
199b MicroStrain, Inc.
199e The Imaging Source Europe GmbH
19ab Bodelin
19af S Life
19b2 Batronix
19b4 Celestron
19b9 Data Robotics
19c2 Futuba
19ca Mindtribe
19d2 ZTE WCDMA Technologies MSM
19f7 RODE Microphones
19fa Gampaq Co.Ltd
19ff Dynex
1a0a USB-IF non-workshop
1a1d Veho
1a2c China Resource Semico Co., Ltd
1a32 Quanta Microsystems, Inc.
1a34 ACRUX
1a40 Terminus Technology Inc.
1a44 VASCO Data Security International
1a61 Abbott Diabetes Care
1a72 Physik Instrumente
1a7c Evoluent
1a81 Holtek Semiconductor, Inc.
1a86 QinHeng Electronics
1a8d BandRich, Inc.
1aad KeeTouch
1ab1 Rigol Technologies
1ad4 APS
1ae7 X-TENSIONS
1afe A. Eberle GmbH & Co. KG
1b04 Meilhaus Electronic GmbH
1b0e BLUTRONICS S.r.l.
1b1c Corsair
1b32 Ugobe Life Forms, Inc.
1b3b iPassion Technology Inc.
1b3f Generalplus Technology Inc.
1b47 Energizer Holdings, Inc.
1b73 Fresco Logic
1b75 Ovislink Corp.
1b80 Afatech
1b96 N-Trig
1ba4 Ember Corporation
1bad Harmonix Music
1bae Vuzix Corporation
1bc7 Telit
1bcf Sunplus Innovation Technology Inc.
1bfd TouchPack
1c0c Ionics EMS, Inc.
1c34 SpringCard
1c40 EZPrototypes
1c4f SiGma Micro
1c6b Philips & Lite-ON Digital Solutions Corporation
1c73 AMT
1c7a LighTuning Technology Inc.
1c88 Somagic, Inc.
1c9e OMEGA TECHNOLOGY
1ca1 Symwave
1cac Kinstone
1cbe Luminary Micro Inc.
1cf1 Dresden Elektronik
1d03 iCON
1d09 TechFaith Wireless Technology Limited
1d17 C-Thru Music Ltd.
1d19 Dexatek Technology Ltd.
1d34 Dream Cheeky
1d4d PEGATRON CORPORATION
1d50 OpenMoko, Inc.
1d57 Xenta
1d6b Linux Foundation
1de1 Actions Microelectronics Co.
1e0e Qualcomm / Option
1e10 Point Grey Research, Inc.
1e17 Mirion Technologies Dosimetry Services Division
1e1d Lumension Security
1e29 Festo AG & Co. KG
1e3d Chipsbank Microelectronics Co., Ltd
1e41 Cleverscope
1e4e Cubeternet
1e54 TypeMatrix
1e68 TrekStor GmbH & Co. KG
1e71 NZXT
1e74 Coby Electronics Corporation
1e7d ROCCAT
1eda AirTies Wireless Networks
1edb Blackmagic design
1ee8 ONDA COMMUNICATION S.p.a.
1ef6 EADS Deutschland GmbH
1f28 Cal-Comp
1f44 The Neat Company
1f48 H-TRONIC GmbH
1f4d G-Tek Electronics Group
1f6f Aliph
1f75 Innostor Technology Corporation
1f82 TANDBERG
1f87 Stantum
1f9b Ubiquiti Networks, Inc.
1fab Samsung Opto-Electroncs Co., Ltd.
1fbd Delphin Technology AG
1fc9 NXP Semiconductors
1fde ILX Lightwave Corporation
1fe7 Vertex Wireless Co., Ltd.
1ff7 CVT Electronics.Co.,Ltd
2001 D-Link Corp.
200c Reloop
2013 PCTV Systems
2019 PLANEX
2040 Hauppauge
2047 Texas Instruments
2080 Barnes & Noble
2087 Cando
20a0 Clay Logic
20b1 XMOS Ltd
20b3 Hanvon
20b7 Qi Hardware
20df Simtec Electronics
20f4 TRENDnet
2101 ActionStar
2162 Creative (?)
2184 GW Instek
21a1 Emotiv Systems Pty. Ltd.
21d6 Agecodagis SARL
2222 MacAlly
2227 SAMWOO Enterprise
2233 RadioShack Corporation
2237 Kobo Inc.
22a6 Pie Digital, Inc.
22b8 Motorola PCS
22b9 eTurboTouch Technology, Inc.
2304 Pinnacle Systems, Inc.
2318 Shining Technologies, Inc. [hex]
2341 Arduino SA
2373 Pumatronix Ltda
2375 Digit@lway, Inc.
2406 SANHO Digital Electronics Co., Ltd.
2478 Tripp-Lite
2632 TwinMOS
2659 Sundtek
2730 Citizen
2735 DigitalWay
2770 NHJ, Ltd
2821 ASUSTek Computer Inc.
2899 Toptronic Industrial Co., Ltd
2c02 Planex Communications
2c1a Dolphin Peripherals
3125 Eagletron
3275 VidzMedia Pte Ltd
3334 AEI
3340 Yakumo
3504 Micro Star
3538 Power Quotient International Co., Ltd
3579 DIVA
3838 WEM
3923 National Instruments Corp.
40bb I-O Data
4101 i-rocks
4102 iRiver, Ltd.
413c Dell Computer Corp.
4146 USBest Technology
4242 USB Design by Example
4317 Broadcom Corp.
4348 WinChipHead
4572 Shuttle, Inc.
4586 Panram
4670 EMS Production
4752 Miditech
4757 GW Instek
4766 Aceeca
4855 Memorex
4971 SimpleTech
4d46 Musical Fidelity
5032 Grandtec
5041 Linksys (?)
50c2 Averatec (?)
5173 Sweex
5219 I-Tetra
5345 Owon
5543 UC-Logic Technology Corp.
5555 Epiphan Systems Inc.
55aa OnSpec Electronic, Inc.
5656 Uni-Trend Group Limited
595a IRTOUCHSYSTEMS Co. Ltd.
5986 Acer, Inc
5a57 Zinwell
6000 Beholder International Ltd.
601a Ingenic Semiconductor Ltd.
6189 Sitecom
6253 TwinHan Technology Co., Ltd
6472 Unknown (Sony?)
6547 Arkmicro Technologies Inc.
6615 IRTOUCHSYSTEMS Co. Ltd.
6666 Prototype product Vendor ID
6677 WiseGroup, Ltd.
6891 3Com
695c Opera1
6993 Yealink Network Technology Co., Ltd.
7104 CME (Central Music Co.)
726c StackFoundry LLC
734c TBS Technologies China
7392 Edimax Technology Co., Ltd
8086 Intel Corp.
8087 Intel Corp.
80ee VirtualBox
8282 Keio
8341 EGO Systems, Inc.
9016 Sitecom
9022 TeVii Technology Ltd.
9148 GeoLab, Ltd
9710 MosChip Semiconductor
99fa Grandtec
9ac4 J. Westhues
a128 AnMo Electronics Corp. / Dino-Lite (?)
a168 AnMo Electronics Corporation
a600 Asix
a727 3Com
abcd Unknown
c251 Keil Software, Inc.
cace CACE Technologies Inc.
d209 Ultimarc
e4e4 Xorcom Ltd.
eb03 MakingThings
eb1a eMPIA Technology, Inc.
f003 Hewlett Packard
f4ec Atten Electronics / Siglent Technologies
