% This map file makes the old TFM names available again.
cork-lmb10 LMRoman10-Demi "enclmec ReEncodeFont" <lm-ec.enc <lmb10.pfb
cork-lmbo10 LMRoman10-DemiOblique "enclmec ReEncodeFont" <lm-ec.enc <lmbo10.pfb
cork-lmbx10 LMRoman10-Bold "enclmec ReEncodeFont" <lm-ec.enc <lmbx10.pfb
cork-lmbx12 LMRoman12-Bold "enclmec ReEncodeFont" <lm-ec.enc <lmbx12.pfb
cork-lmbx5 LMRoman5-Bold "enclmec ReEncodeFont" <lm-ec.enc <lmbx5.pfb
cork-lmbx6 LMRoman6-Bold "enclmec ReEncodeFont" <lm-ec.enc <lmbx6.pfb
cork-lmbx7 LMRoman7-Bold "enclmec ReEncodeFont" <lm-ec.enc <lmbx7.pfb
cork-lmbx8 LMRoman8-Bold "enclmec ReEncodeFont" <lm-ec.enc <lmbx8.pfb
cork-lmbx9 LMRoman9-Bold "enclmec ReEncodeFont" <lm-ec.enc <lmbx9.pfb
cork-lmbxi10 LMRoman10-BoldItalic "enclmec ReEncodeFont" <lm-ec.enc <lmbxi10.pfb
cork-lmbxo10 LMRoman10-BoldOblique "enclmec ReEncodeFont" <lm-ec.enc <lmbxo10.pfb
cork-lmcsc10 LMRoman10-CapsRegular "enclmec ReEncodeFont" <lm-ec.enc <lmcsc10.pfb
cork-lmcsco10 LMRoman10-CapsOblique "enclmec ReEncodeFont" <lm-ec.enc <lmcsco10.pfb
cork-lmr10 LMRoman10-Regular "enclmec ReEncodeFont" <lm-ec.enc <lmr10.pfb
cork-lmr12 LMRoman12-Regular "enclmec ReEncodeFont" <lm-ec.enc <lmr12.pfb
cork-lmr17 LMRoman17-Regular "enclmec ReEncodeFont" <lm-ec.enc <lmr17.pfb
cork-lmr5 LMRoman5-Regular "enclmec ReEncodeFont" <lm-ec.enc <lmr5.pfb
cork-lmr6 LMRoman6-Regular "enclmec ReEncodeFont" <lm-ec.enc <lmr6.pfb
cork-lmr7 LMRoman7-Regular "enclmec ReEncodeFont" <lm-ec.enc <lmr7.pfb
cork-lmr8 LMRoman8-Regular "enclmec ReEncodeFont" <lm-ec.enc <lmr8.pfb
cork-lmr9 LMRoman9-Regular "enclmec ReEncodeFont" <lm-ec.enc <lmr9.pfb
cork-lmri10 LMRoman10-Italic "enclmec ReEncodeFont" <lm-ec.enc <lmri10.pfb
cork-lmri12 LMRoman12-Italic "enclmec ReEncodeFont" <lm-ec.enc <lmri12.pfb
cork-lmri7 LMRoman7-Italic "enclmec ReEncodeFont" <lm-ec.enc <lmri7.pfb
cork-lmri8 LMRoman8-Italic "enclmec ReEncodeFont" <lm-ec.enc <lmri8.pfb
cork-lmri9 LMRoman9-Italic "enclmec ReEncodeFont" <lm-ec.enc <lmri9.pfb
cork-lmro10 LMRoman10-Oblique "enclmec ReEncodeFont" <lm-ec.enc <lmro10.pfb
cork-lmro12 LMRoman12-Oblique "enclmec ReEncodeFont" <lm-ec.enc <lmro12.pfb
cork-lmro17 LMRoman17-Oblique "enclmec ReEncodeFont" <lm-ec.enc <lmro17.pfb
cork-lmro8 LMRoman8-Oblique "enclmec ReEncodeFont" <lm-ec.enc <lmro8.pfb
cork-lmro9 LMRoman9-Oblique "enclmec ReEncodeFont" <lm-ec.enc <lmro9.pfb
cork-lmss10 LMSans10-Regular "enclmec ReEncodeFont" <lm-ec.enc <lmss10.pfb
cork-lmss12 LMSans12-Regular "enclmec ReEncodeFont" <lm-ec.enc <lmss12.pfb
cork-lmss17 LMSans17-Regular "enclmec ReEncodeFont" <lm-ec.enc <lmss17.pfb
cork-lmss8 LMSans8-Regular "enclmec ReEncodeFont" <lm-ec.enc <lmss8.pfb
cork-lmss9 LMSans9-Regular "enclmec ReEncodeFont" <lm-ec.enc <lmss9.pfb
cork-lmssbo10 LMSans10-BoldOblique "enclmec ReEncodeFont" <lm-ec.enc <lmssbo10.pfb
cork-lmssbx10 LMSans10-Bold "enclmec ReEncodeFont" <lm-ec.enc <lmssbx10.pfb
cork-lmssdc10 LMSans10-DemiCondensed "enclmec ReEncodeFont" <lm-ec.enc <lmssdc10.pfb
cork-lmssdo10 LMSans10-DemiCondensedOblique "enclmec ReEncodeFont" <lm-ec.enc <lmssdo10.pfb
cork-lmsso10 LMSans10-Oblique "enclmec ReEncodeFont" <lm-ec.enc <lmsso10.pfb
cork-lmsso12 LMSans12-Oblique "enclmec ReEncodeFont" <lm-ec.enc <lmsso12.pfb
cork-lmsso17 LMSans17-Oblique "enclmec ReEncodeFont" <lm-ec.enc <lmsso17.pfb
cork-lmsso8 LMSans8-Oblique "enclmec ReEncodeFont" <lm-ec.enc <lmsso8.pfb
cork-lmsso9 LMSans9-Oblique "enclmec ReEncodeFont" <lm-ec.enc <lmsso9.pfb
cork-lmssq8 LMSansQuotation8-Regular "enclmec ReEncodeFont" <lm-ec.enc <lmssq8.pfb
cork-lmssqbo8 LMSansQuotation8-BoldOblique "enclmec ReEncodeFont" <lm-ec.enc <lmssqbo8.pfb
cork-lmssqbx8 LMSansQuotation8-Bold "enclmec ReEncodeFont" <lm-ec.enc <lmssqbx8.pfb
cork-lmssqo8 LMSansQuotation8-Oblique "enclmec ReEncodeFont" <lm-ec.enc <lmssqo8.pfb
cork-lmtcsc10 LMTypewriter10-CapsRegular "enclmec ReEncodeFont" <lm-ec.enc <lmtcsc10.pfb
cork-lmtcso10 LMTypewriter10-CapsOblique "enclmec ReEncodeFont" <lm-ec.enc <lmtcso10.pfb
cork-lmtl10 LMTypewriter10-Light "enclmec ReEncodeFont" <lm-ec.enc <lmtl10.pfb
cork-lmtlo10 LMTypewriter10-LightOblique "enclmec ReEncodeFont" <lm-ec.enc <lmtlo10.pfb
cork-lmtlc10 LMTypewriter10-LightCondensed "enclmec ReEncodeFont" <lm-ec.enc <lmtlc10.pfb
cork-lmtlco10 LMTypewriter10-LightCondensedOblique "enclmec ReEncodeFont" <lm-ec.enc <lmtlco10.pfb
cork-lmtk10 LMTypewriter10-Dark "enclmec ReEncodeFont" <lm-ec.enc <lmtk10.pfb
cork-lmtko10 LMTypewriter10-DarkOblique "enclmec ReEncodeFont" <lm-ec.enc <lmtko10.pfb
cork-lmtt10 LMTypewriter10-Regular "enclmec ReEncodeFont" <lm-ec.enc <lmtt10.pfb
cork-lmtt12 LMTypewriter12-Regular "enclmec ReEncodeFont" <lm-ec.enc <lmtt12.pfb
cork-lmtt8 LMTypewriter8-Regular "enclmec ReEncodeFont" <lm-ec.enc <lmtt8.pfb
cork-lmtt9 LMTypewriter9-Regular "enclmec ReEncodeFont" <lm-ec.enc <lmtt9.pfb
cork-lmtti10 LMTypewriter10-Italic "enclmec ReEncodeFont" <lm-ec.enc <lmtti10.pfb
cork-lmtto10 LMTypewriter10-Oblique "enclmec ReEncodeFont" <lm-ec.enc <lmtto10.pfb
cork-lmvtt10 LMTypewriterVarWd10-Regular "enclmec ReEncodeFont" <lm-ec.enc <lmvtt10.pfb
cork-lmvtto10 LMTypewriterVarWd10-Oblique "enclmec ReEncodeFont" <lm-ec.enc <lmvtto10.pfb
cork-lmvtl10 LMTypewriterVarWd10-Light "enclmec ReEncodeFont" <lm-ec.enc <lmvtl10.pfb
cork-lmvtlo10 LMTypewriterVarWd10-LightOblique "enclmec ReEncodeFont" <lm-ec.enc <lmvtlo10.pfb
cork-lmvtk10 LMTypewriterVarWd10-Dark "enclmec ReEncodeFont" <lm-ec.enc <lmvtk10.pfb
cork-lmvtko10 LMTypewriterVarWd10-DarkOblique "enclmec ReEncodeFont" <lm-ec.enc <lmvtko10.pfb
